[INFO] Scanning for projects...
[INFO] 
[INFO] ---------------< com.growthengine:orchestrator-service >----------------
[INFO] Building Orchestrator Service 0.0.1-SNAPSHOT
[INFO]   from pom.xml
[INFO] --------------------------------[ jar ]---------------------------------
[INFO] 
[INFO] >>> spring-boot:3.5.6:run (default-cli) > test-compile @ orchestrator-service >>>
[INFO] 
[INFO] --- resources:3.3.1:resources (default-resources) @ orchestrator-service ---
[INFO] Copying 1 resource from src/main/resources to target/classes
[INFO] Copying 0 resource from src/main/resources to target/classes
[INFO] 
[INFO] --- compiler:3.14.0:compile (default-compile) @ orchestrator-service ---
[INFO] Nothing to compile - all classes are up to date.
[INFO] 
[INFO] --- resources:3.3.1:testResources (default-testResources) @ orchestrator-service ---
[INFO] skip non existing resourceDirectory /Users/devps/Downloads/growth-engine/orchestrator-service/src/test/resources
[INFO] 
[INFO] --- compiler:3.14.0:testCompile (default-testCompile) @ orchestrator-service ---
[INFO] No sources to compile
[INFO] 
[INFO] <<< spring-boot:3.5.6:run (default-cli) < test-compile @ orchestrator-service <<<
[INFO] 
[INFO] 
[INFO] --- spring-boot:3.5.6:run (default-cli) @ orchestrator-service ---
[INFO] Attaching agents: []

  .   ____          _            __ _ _
 /\\ / ___'_ __ _ _(_)_ __  __ _ \ \ \ \
( ( )\___ | '_ | '_| | '_ \/ _` | \ \ \ \
 \\/  ___)| |_)| | | | | || (_| |  ) ) ) )
  '  |____| .__|_| |_|_| |_\__, | / / / /
 =========|_|==============|___/=/_/_/_/

 :: Spring Boot ::                (v3.5.6)

2025-11-27T01:01:20.939+05:30  INFO 11300 --- [orchestrator-service] [           main] c.g.o.OrchestratorApplication            : Starting OrchestratorApplication using Java 21.0.8 with PID 11300 (/Users/devps/Downloads/growth-engine/orchestrator-service/target/classes started by devps in /Users/devps/Downloads/growth-engine/orchestrator-service)
2025-11-27T01:01:20.940+05:30  INFO 11300 --- [orchestrator-service] [           main] c.g.o.OrchestratorApplication            : No active profile set, falling back to 1 default profile: "default"
2025-11-27T01:01:21.113+05:30  INFO 11300 --- [orchestrator-service] [           main] .s.d.r.c.RepositoryConfigurationDelegate : Bootstrapping Spring Data JPA repositories in DEFAULT mode.
2025-11-27T01:01:21.130+05:30  INFO 11300 --- [orchestrator-service] [           main] .s.d.r.c.RepositoryConfigurationDelegate : Finished Spring Data repository scanning in 13 ms. Found 2 JPA repository interfaces.
2025-11-27T01:01:21.294+05:30  INFO 11300 --- [orchestrator-service] [           main] o.s.b.w.embedded.tomcat.TomcatWebServer  : Tomcat initialized with port 8081 (http)
2025-11-27T01:01:21.300+05:30  INFO 11300 --- [orchestrator-service] [           main] o.apache.catalina.core.StandardService   : Starting service [Tomcat]
2025-11-27T01:01:21.300+05:30  INFO 11300 --- [orchestrator-service] [           main] o.apache.catalina.core.StandardEngine    : Starting Servlet engine: [Apache Tomcat/10.1.46]
2025-11-27T01:01:21.319+05:30  INFO 11300 --- [orchestrator-service] [           main] o.a.c.c.C.[Tomcat].[localhost].[/]       : Initializing Spring embedded WebApplicationContext
2025-11-27T01:01:21.319+05:30  INFO 11300 --- [orchestrator-service] [           main] w.s.c.ServletWebServerApplicationContext : Root WebApplicationContext: initialization completed in 366 ms
2025-11-27T01:01:21.374+05:30  INFO 11300 --- [orchestrator-service] [           main] o.hibernate.jpa.internal.util.LogHelper  : HHH000204: Processing PersistenceUnitInfo [name: default]
2025-11-27T01:01:21.392+05:30  INFO 11300 --- [orchestrator-service] [           main] org.hibernate.Version                    : HHH000412: Hibernate ORM core version 6.6.29.Final
2025-11-27T01:01:21.401+05:30  INFO 11300 --- [orchestrator-service] [           main] o.h.c.internal.RegionFactoryInitiator    : HHH000026: Second-level cache disabled
2025-11-27T01:01:21.479+05:30  INFO 11300 --- [orchestrator-service] [           main] o.s.o.j.p.SpringPersistenceUnitInfo      : No LoadTimeWeaver setup: ignoring JPA class transformer
2025-11-27T01:01:21.490+05:30  INFO 11300 --- [orchestrator-service] [           main] com.zaxxer.hikari.HikariDataSource       : HikariPool-1 - Starting...
2025-11-27T01:01:21.580+05:30  INFO 11300 --- [orchestrator-service] [           main] com.zaxxer.hikari.pool.HikariPool        : HikariPool-1 - Added connection org.postgresql.jdbc.PgConnection@4ccdacf5
2025-11-27T01:01:21.580+05:30  INFO 11300 --- [orchestrator-service] [           main] com.zaxxer.hikari.HikariDataSource       : HikariPool-1 - Start completed.
2025-11-27T01:01:21.600+05:30  WARN 11300 --- [orchestrator-service] [           main] org.hibernate.orm.deprecation            : HHH90000025: PostgreSQLDialect does not need to be specified explicitly using 'hibernate.dialect' (remove the property setting and it will be selected by default)
2025-11-27T01:01:21.606+05:30  INFO 11300 --- [orchestrator-service] [           main] org.hibernate.orm.connections.pooling    : HHH10001005: Database info:
	Database JDBC URL [Connecting through datasource 'HikariDataSource (HikariPool-1)']
	Database driver: undefined/unknown
	Database version: 16.10
	Autocommit mode: undefined/unknown
	Isolation level: undefined/unknown
	Minimum pool size: undefined/unknown
	Maximum pool size: undefined/unknown
2025-11-27T01:01:21.848+05:30  INFO 11300 --- [orchestrator-service] [           main] o.h.e.t.j.p.i.JtaPlatformInitiator       : HHH000489: No JTA platform available (set 'hibernate.transaction.jta.platform' to enable JTA platform integration)
2025-11-27T01:01:21.892+05:30  INFO 11300 --- [orchestrator-service] [           main] j.LocalContainerEntityManagerFactoryBean : Initialized JPA EntityManagerFactory for persistence unit 'default'
2025-11-27T01:01:22.161+05:30  WARN 11300 --- [orchestrator-service] [           main] JpaBaseConfiguration$JpaWebConfiguration : spring.jpa.open-in-view is enabled by default. Therefore, database queries may be performed during view rendering. Explicitly configure spring.jpa.open-in-view to disable this warning
2025-11-27T01:01:22.282+05:30  INFO 11300 --- [orchestrator-service] [           main] o.s.b.w.embedded.tomcat.TomcatWebServer  : Tomcat started on port 8081 (http) with context path '/'
2025-11-27T01:01:22.287+05:30  INFO 11300 --- [orchestrator-service] [           main] c.g.o.OrchestratorApplication            : Started OrchestratorApplication in 1.488 seconds (process running for 1.599)
Hibernate: 
    select
        t1_0.id,
        t1_0.agent_type,
        t1_0.created_at,
        t1_0.payload::text,
        t1_0.request_id,
        t1_0.result::text,
        t1_0.status,
        t1_0.updated_at 
    from
        tasks t1_0 
    where
        t1_0.agent_type=? 
        and t1_0.status=?
Hibernate: 
    select
        t1_0.id,
        t1_0.agent_type,
        t1_0.created_at,
        t1_0.payload::text,
        t1_0.request_id,
        t1_0.result::text,
        t1_0.status,
        t1_0.updated_at 
    from
        tasks t1_0 
    where
        t1_0.request_id=? 
        and t1_0.agent_type=?
Hibernate: 
    select
        t1_0.id,
        t1_0.agent_type,
        t1_0.created_at,
        t1_0.payload::text,
        t1_0.request_id,
        t1_0.result::text,
        t1_0.status,
        t1_0.updated_at 
    from
        tasks t1_0 
    where
        t1_0.request_id=? 
        and t1_0.agent_type=?
Hibernate: 
    select
        t1_0.id,
        t1_0.agent_type,
        t1_0.created_at,
        t1_0.payload::text,
        t1_0.request_id,
        t1_0.result::text,
        t1_0.status,
        t1_0.updated_at 
    from
        tasks t1_0 
    where
        t1_0.agent_type=? 
        and t1_0.status=?
Hibernate: 
    select
        t1_0.id,
        t1_0.agent_type,
        t1_0.created_at,
        t1_0.payload::text,
        t1_0.request_id,
        t1_0.result::text,
        t1_0.status,
        t1_0.updated_at 
    from
        tasks t1_0 
    where
        t1_0.request_id=? 
        and t1_0.agent_type=?
Hibernate: 
    select
        cr1_0.id,
        cr1_0.created_at,
        cr1_0.language,
        cr1_0.status,
        cr1_0.tone,
        cr1_0.topic,
        cr1_0.user_id 
    from
        content_requests cr1_0 
    where
        cr1_0.id=?
Hibernate: 
    insert 
    into
        tasks
        (agent_type, created_at, payload, request_id, result, status, updated_at) 
    values
        (?, ?, ?::jsonb, ?, ?::jsonb, ?, ?)
2025-11-27T01:01:22.399+05:30  INFO 11300 --- [orchestrator-service] [   scheduling-1] o.s.a.r.c.CachingConnectionFactory       : Attempting to connect to: [localhost:5672]
2025-11-27T01:01:22.415+05:30  INFO 11300 --- [orchestrator-service] [   scheduling-1] o.s.a.r.c.CachingConnectionFactory       : Created new connection: rabbitConnectionFactory#13552290:0/SimpleConnection@75bcaf [delegate=amqp://admin@127.0.0.1:5672/, localPort=65161]
📤 Triggered evaluator task for request 3 after writer completion
Hibernate: 
    select
        t1_0.id,
        t1_0.agent_type,
        t1_0.created_at,
        t1_0.payload::text,
        t1_0.request_id,
        t1_0.result::text,
        t1_0.status,
        t1_0.updated_at 
    from
        tasks t1_0 
    where
        t1_0.request_id=? 
        and t1_0.agent_type=?
Hibernate: 
    select
        cr1_0.id,
        cr1_0.created_at,
        cr1_0.language,
        cr1_0.status,
        cr1_0.tone,
        cr1_0.topic,
        cr1_0.user_id 
    from
        content_requests cr1_0 
    where
        cr1_0.id=?
Hibernate: 
    insert 
    into
        tasks
        (agent_type, created_at, payload, request_id, result, status, updated_at) 
    values
        (?, ?, ?::jsonb, ?, ?::jsonb, ?, ?)
📤 Triggered evaluator task for request 4 after writer completion
Hibernate: 
    select
        cr1_0.id,
        cr1_0.created_at,
        cr1_0.language,
        cr1_0.status,
        cr1_0.tone,
        cr1_0.topic,
        cr1_0.user_id 
    from
        content_requests cr1_0
Hibernate: 
    select
        t1_0.id,
        t1_0.agent_type,
        t1_0.created_at,
        t1_0.payload::text,
        t1_0.request_id,
        t1_0.result::text,
        t1_0.status,
        t1_0.updated_at 
    from
        tasks t1_0 
    where
        t1_0.agent_type=? 
        and t1_0.status=?
Hibernate: 
    select
        t1_0.id,
        t1_0.agent_type,
        t1_0.created_at,
        t1_0.payload::text,
        t1_0.request_id,
        t1_0.result::text,
        t1_0.status,
        t1_0.updated_at 
    from
        tasks t1_0 
    where
        t1_0.request_id=? 
        and t1_0.agent_type=?
Hibernate: 
    select
        t1_0.id,
        t1_0.agent_type,
        t1_0.created_at,
        t1_0.payload::text,
        t1_0.request_id,
        t1_0.result::text,
        t1_0.status,
        t1_0.updated_at 
    from
        tasks t1_0 
    where
        t1_0.request_id=? 
        and t1_0.agent_type=?
Hibernate: 
    select
        t1_0.id,
        t1_0.agent_type,
        t1_0.created_at,
        t1_0.payload::text,
        t1_0.request_id,
        t1_0.result::text,
        t1_0.status,
        t1_0.updated_at 
    from
        tasks t1_0 
    where
        t1_0.agent_type=? 
        and t1_0.status=?
Hibernate: 
    select
        t1_0.id,
        t1_0.agent_type,
        t1_0.created_at,
        t1_0.payload::text,
        t1_0.request_id,
        t1_0.result::text,
        t1_0.status,
        t1_0.updated_at 
    from
        tasks t1_0 
    where
        t1_0.request_id=? 
        and t1_0.agent_type=?
Hibernate: 
    select
        t1_0.id,
        t1_0.agent_type,
        t1_0.created_at,
        t1_0.payload::text,
        t1_0.request_id,
        t1_0.result::text,
        t1_0.status,
        t1_0.updated_at 
    from
        tasks t1_0 
    where
        t1_0.request_id=? 
        and t1_0.agent_type=?
Hibernate: 
    select
        cr1_0.id,
        cr1_0.created_at,
        cr1_0.language,
        cr1_0.status,
        cr1_0.tone,
        cr1_0.topic,
        cr1_0.user_id 
    from
        content_requests cr1_0
Hibernate: 
    select
        t1_0.id,
        t1_0.agent_type,
        t1_0.created_at,
        t1_0.payload::text,
        t1_0.request_id,
        t1_0.result::text,
        t1_0.status,
        t1_0.updated_at 
    from
        tasks t1_0 
    where
        t1_0.agent_type=? 
        and t1_0.status=?
Hibernate: 
    select
        t1_0.id,
        t1_0.agent_type,
        t1_0.created_at,
        t1_0.payload::text,
        t1_0.request_id,
        t1_0.result::text,
        t1_0.status,
        t1_0.updated_at 
    from
        tasks t1_0 
    where
        t1_0.request_id=? 
        and t1_0.agent_type=?
Hibernate: 
    select
        t1_0.id,
        t1_0.agent_type,
        t1_0.created_at,
        t1_0.payload::text,
        t1_0.request_id,
        t1_0.result::text,
        t1_0.status,
        t1_0.updated_at 
    from
        tasks t1_0 
    where
        t1_0.request_id=? 
        and t1_0.agent_type=?
Hibernate: 
    select
        t1_0.id,
        t1_0.agent_type,
        t1_0.created_at,
        t1_0.payload::text,
        t1_0.request_id,
        t1_0.result::text,
        t1_0.status,
        t1_0.updated_at 
    from
        tasks t1_0 
    where
        t1_0.agent_type=? 
        and t1_0.status=?
Hibernate: 
    select
        t1_0.id,
        t1_0.agent_type,
        t1_0.created_at,
        t1_0.payload::text,
        t1_0.request_id,
        t1_0.result::text,
        t1_0.status,
        t1_0.updated_at 
    from
        tasks t1_0 
    where
        t1_0.request_id=? 
        and t1_0.agent_type=?
Hibernate: 
    select
        t1_0.id,
        t1_0.agent_type,
        t1_0.created_at,
        t1_0.payload::text,
        t1_0.request_id,
        t1_0.result::text,
        t1_0.status,
        t1_0.updated_at 
    from
        tasks t1_0 
    where
        t1_0.request_id=? 
        and t1_0.agent_type=?
Hibernate: 
    select
        cr1_0.id,
        cr1_0.created_at,
        cr1_0.language,
        cr1_0.status,
        cr1_0.tone,
        cr1_0.topic,
        cr1_0.user_id 
    from
        content_requests cr1_0
Hibernate: 
    select
        t1_0.id,
        t1_0.agent_type,
        t1_0.created_at,
        t1_0.payload::text,
        t1_0.request_id,
        t1_0.result::text,
        t1_0.status,
        t1_0.updated_at 
    from
        tasks t1_0 
    where
        t1_0.agent_type=? 
        and t1_0.status=?
Hibernate: 
    select
        t1_0.id,
        t1_0.agent_type,
        t1_0.created_at,
        t1_0.payload::text,
        t1_0.request_id,
        t1_0.result::text,
        t1_0.status,
        t1_0.updated_at 
    from
        tasks t1_0 
    where
        t1_0.request_id=? 
        and t1_0.agent_type=?
Hibernate: 
    select
        t1_0.id,
        t1_0.agent_type,
        t1_0.created_at,
        t1_0.payload::text,
        t1_0.request_id,
        t1_0.result::text,
        t1_0.status,
        t1_0.updated_at 
    from
        tasks t1_0 
    where
        t1_0.request_id=? 
        and t1_0.agent_type=?
Hibernate: 
    select
        t1_0.id,
        t1_0.agent_type,
        t1_0.created_at,
        t1_0.payload::text,
        t1_0.request_id,
        t1_0.result::text,
        t1_0.status,
        t1_0.updated_at 
    from
        tasks t1_0 
    where
        t1_0.agent_type=? 
        and t1_0.status=?
Hibernate: 
    select
        t1_0.id,
        t1_0.agent_type,
        t1_0.created_at,
        t1_0.payload::text,
        t1_0.request_id,
        t1_0.result::text,
        t1_0.status,
        t1_0.updated_at 
    from
        tasks t1_0 
    where
        t1_0.request_id=? 
        and t1_0.agent_type=?
Hibernate: 
    select
        t1_0.id,
        t1_0.agent_type,
        t1_0.created_at,
        t1_0.payload::text,
        t1_0.request_id,
        t1_0.result::text,
        t1_0.status,
        t1_0.updated_at 
    from
        tasks t1_0 
    where
        t1_0.request_id=? 
        and t1_0.agent_type=?
Hibernate: 
    select
        cr1_0.id,
        cr1_0.created_at,
        cr1_0.language,
        cr1_0.status,
        cr1_0.tone,
        cr1_0.topic,
        cr1_0.user_id 
    from
        content_requests cr1_0
Hibernate: 
    select
        t1_0.id,
        t1_0.agent_type,
        t1_0.created_at,
        t1_0.payload::text,
        t1_0.request_id,
        t1_0.result::text,
        t1_0.status,
        t1_0.updated_at 
    from
        tasks t1_0 
    where
        t1_0.agent_type=? 
        and t1_0.status=?
Hibernate: 
    select
        t1_0.id,
        t1_0.agent_type,
        t1_0.created_at,
        t1_0.payload::text,
        t1_0.request_id,
        t1_0.result::text,
        t1_0.status,
        t1_0.updated_at 
    from
        tasks t1_0 
    where
        t1_0.request_id=? 
        and t1_0.agent_type=?
Hibernate: 
    select
        t1_0.id,
        t1_0.agent_type,
        t1_0.created_at,
        t1_0.payload::text,
        t1_0.request_id,
        t1_0.result::text,
        t1_0.status,
        t1_0.updated_at 
    from
        tasks t1_0 
    where
        t1_0.request_id=? 
        and t1_0.agent_type=?
Hibernate: 
    select
        t1_0.id,
        t1_0.agent_type,
        t1_0.created_at,
        t1_0.payload::text,
        t1_0.request_id,
        t1_0.result::text,
        t1_0.status,
        t1_0.updated_at 
    from
        tasks t1_0 
    where
        t1_0.agent_type=? 
        and t1_0.status=?
Hibernate: 
    select
        t1_0.id,
        t1_0.agent_type,
        t1_0.created_at,
        t1_0.payload::text,
        t1_0.request_id,
        t1_0.result::text,
        t1_0.status,
        t1_0.updated_at 
    from
        tasks t1_0 
    where
        t1_0.request_id=? 
        and t1_0.agent_type=?
Hibernate: 
    select
        t1_0.id,
        t1_0.agent_type,
        t1_0.created_at,
        t1_0.payload::text,
        t1_0.request_id,
        t1_0.result::text,
        t1_0.status,
        t1_0.updated_at 
    from
        tasks t1_0 
    where
        t1_0.request_id=? 
        and t1_0.agent_type=?
Hibernate: 
    select
        cr1_0.id,
        cr1_0.created_at,
        cr1_0.language,
        cr1_0.status,
        cr1_0.tone,
        cr1_0.topic,
        cr1_0.user_id 
    from
        content_requests cr1_0
2025-11-27T01:01:42.984+05:30  INFO 11300 --- [orchestrator-service] [nio-8081-exec-1] o.a.c.c.C.[Tomcat].[localhost].[/]       : Initializing Spring DispatcherServlet 'dispatcherServlet'
2025-11-27T01:01:42.985+05:30  INFO 11300 --- [orchestrator-service] [nio-8081-exec-1] o.s.web.servlet.DispatcherServlet        : Initializing Servlet 'dispatcherServlet'
2025-11-27T01:01:42.986+05:30  INFO 11300 --- [orchestrator-service] [nio-8081-exec-1] o.s.web.servlet.DispatcherServlet        : Completed initialization in 1 ms
Hibernate: 
    select
        cr1_0.id,
        cr1_0.created_at,
        cr1_0.language,
        cr1_0.status,
        cr1_0.tone,
        cr1_0.topic,
        cr1_0.user_id 
    from
        content_requests cr1_0 
    where
        cr1_0.id=?
Hibernate: 
    select
        t1_0.id,
        t1_0.agent_type,
        t1_0.created_at,
        t1_0.payload::text,
        t1_0.request_id,
        t1_0.result::text,
        t1_0.status,
        t1_0.updated_at 
    from
        tasks t1_0 
    where
        t1_0.agent_type=? 
        and t1_0.status=?
Hibernate: 
    select
        t1_0.id,
        t1_0.agent_type,
        t1_0.created_at,
        t1_0.payload::text,
        t1_0.request_id,
        t1_0.result::text,
        t1_0.status,
        t1_0.updated_at 
    from
        tasks t1_0 
    where
        t1_0.request_id=? 
        and t1_0.agent_type=?
Hibernate: 
    select
        t1_0.id,
        t1_0.agent_type,
        t1_0.created_at,
        t1_0.payload::text,
        t1_0.request_id,
        t1_0.result::text,
        t1_0.status,
        t1_0.updated_at 
    from
        tasks t1_0 
    where
        t1_0.request_id=? 
        and t1_0.agent_type=?
Hibernate: 
    select
        t1_0.id,
        t1_0.agent_type,
        t1_0.created_at,
        t1_0.payload::text,
        t1_0.request_id,
        t1_0.result::text,
        t1_0.status,
        t1_0.updated_at 
    from
        tasks t1_0 
    where
        t1_0.agent_type=? 
        and t1_0.status=?
Hibernate: 
    select
        t1_0.id,
        t1_0.agent_type,
        t1_0.created_at,
        t1_0.payload::text,
        t1_0.request_id,
        t1_0.result::text,
        t1_0.status,
        t1_0.updated_at 
    from
        tasks t1_0 
    where
        t1_0.request_id=? 
        and t1_0.agent_type=?
Hibernate: 
    select
        t1_0.id,
        t1_0.agent_type,
        t1_0.created_at,
        t1_0.payload::text,
        t1_0.request_id,
        t1_0.result::text,
        t1_0.status,
        t1_0.updated_at 
    from
        tasks t1_0 
    where
        t1_0.request_id=? 
        and t1_0.agent_type=?
Hibernate: 
    select
        cr1_0.id,
        cr1_0.created_at,
        cr1_0.language,
        cr1_0.status,
        cr1_0.tone,
        cr1_0.topic,
        cr1_0.user_id 
    from
        content_requests cr1_0
Hibernate: 
    select
        t1_0.id,
        t1_0.agent_type,
        t1_0.created_at,
        t1_0.payload::text,
        t1_0.request_id,
        t1_0.result::text,
        t1_0.status,
        t1_0.updated_at 
    from
        tasks t1_0 
    where
        t1_0.agent_type=? 
        and t1_0.status=?
Hibernate: 
    select
        t1_0.id,
        t1_0.agent_type,
        t1_0.created_at,
        t1_0.payload::text,
        t1_0.request_id,
        t1_0.result::text,
        t1_0.status,
        t1_0.updated_at 
    from
        tasks t1_0 
    where
        t1_0.request_id=? 
        and t1_0.agent_type=?
Hibernate: 
    select
        t1_0.id,
        t1_0.agent_type,
        t1_0.created_at,
        t1_0.payload::text,
        t1_0.request_id,
        t1_0.result::text,
        t1_0.status,
        t1_0.updated_at 
    from
        tasks t1_0 
    where
        t1_0.request_id=? 
        and t1_0.agent_type=?
Hibernate: 
    select
        t1_0.id,
        t1_0.agent_type,
        t1_0.created_at,
        t1_0.payload::text,
        t1_0.request_id,
        t1_0.result::text,
        t1_0.status,
        t1_0.updated_at 
    from
        tasks t1_0 
    where
        t1_0.agent_type=? 
        and t1_0.status=?
Hibernate: 
    select
        t1_0.id,
        t1_0.agent_type,
        t1_0.created_at,
        t1_0.payload::text,
        t1_0.request_id,
        t1_0.result::text,
        t1_0.status,
        t1_0.updated_at 
    from
        tasks t1_0 
    where
        t1_0.request_id=? 
        and t1_0.agent_type=?
Hibernate: 
    select
        t1_0.id,
        t1_0.agent_type,
        t1_0.created_at,
        t1_0.payload::text,
        t1_0.request_id,
        t1_0.result::text,
        t1_0.status,
        t1_0.updated_at 
    from
        tasks t1_0 
    where
        t1_0.request_id=? 
        and t1_0.agent_type=?
Hibernate: 
    select
        cr1_0.id,
        cr1_0.created_at,
        cr1_0.language,
        cr1_0.status,
        cr1_0.tone,
        cr1_0.topic,
        cr1_0.user_id 
    from
        content_requests cr1_0
Hibernate: 
    select
        t1_0.id,
        t1_0.agent_type,
        t1_0.created_at,
        t1_0.payload::text,
        t1_0.request_id,
        t1_0.result::text,
        t1_0.status,
        t1_0.updated_at 
    from
        tasks t1_0 
    where
        t1_0.agent_type=? 
        and t1_0.status=?
Hibernate: 
    select
        t1_0.id,
        t1_0.agent_type,
        t1_0.created_at,
        t1_0.payload::text,
        t1_0.request_id,
        t1_0.result::text,
        t1_0.status,
        t1_0.updated_at 
    from
        tasks t1_0 
    where
        t1_0.request_id=? 
        and t1_0.agent_type=?
Hibernate: 
    select
        t1_0.id,
        t1_0.agent_type,
        t1_0.created_at,
        t1_0.payload::text,
        t1_0.request_id,
        t1_0.result::text,
        t1_0.status,
        t1_0.updated_at 
    from
        tasks t1_0 
    where
        t1_0.request_id=? 
        and t1_0.agent_type=?
Hibernate: 
    select
        t1_0.id,
        t1_0.agent_type,
        t1_0.created_at,
        t1_0.payload::text,
        t1_0.request_id,
        t1_0.result::text,
        t1_0.status,
        t1_0.updated_at 
    from
        tasks t1_0 
    where
        t1_0.agent_type=? 
        and t1_0.status=?
Hibernate: 
    select
        t1_0.id,
        t1_0.agent_type,
        t1_0.created_at,
        t1_0.payload::text,
        t1_0.request_id,
        t1_0.result::text,
        t1_0.status,
        t1_0.updated_at 
    from
        tasks t1_0 
    where
        t1_0.request_id=? 
        and t1_0.agent_type=?
Hibernate: 
    select
        t1_0.id,
        t1_0.agent_type,
        t1_0.created_at,
        t1_0.payload::text,
        t1_0.request_id,
        t1_0.result::text,
        t1_0.status,
        t1_0.updated_at 
    from
        tasks t1_0 
    where
        t1_0.request_id=? 
        and t1_0.agent_type=?
Hibernate: 
    select
        cr1_0.id,
        cr1_0.created_at,
        cr1_0.language,
        cr1_0.status,
        cr1_0.tone,
        cr1_0.topic,
        cr1_0.user_id 
    from
        content_requests cr1_0
Hibernate: 
    select
        cr1_0.id,
        cr1_0.created_at,
        cr1_0.language,
        cr1_0.status,
        cr1_0.tone,
        cr1_0.topic,
        cr1_0.user_id 
    from
        content_requests cr1_0 
    where
        cr1_0.id=?
Hibernate: 
    insert 
    into
        content_requests
        (created_at, language, status, tone, topic, user_id) 
    values
        (?, ?, ?, ?, ?, ?)
✅ Saved content request with ID: 5
Hibernate: 
    insert 
    into
        tasks
        (agent_type, created_at, payload, request_id, result, status, updated_at) 
    values
        (?, ?, ?::jsonb, ?, ?::jsonb, ?, ?)
✅ Saved task with ID: 7 for request: 5
📤 Published research task to queue for request ID: 5
Hibernate: 
    select
        cr1_0.id,
        cr1_0.created_at,
        cr1_0.language,
        cr1_0.status,
        cr1_0.tone,
        cr1_0.topic,
        cr1_0.user_id 
    from
        content_requests cr1_0 
    where
        cr1_0.id=?
Hibernate: 
    select
        t1_0.id,
        t1_0.agent_type,
        t1_0.created_at,
        t1_0.payload::text,
        t1_0.request_id,
        t1_0.result::text,
        t1_0.status,
        t1_0.updated_at 
    from
        tasks t1_0 
    where
        t1_0.request_id=?
Hibernate: 
    select
        cr1_0.id,
        cr1_0.created_at,
        cr1_0.language,
        cr1_0.status,
        cr1_0.tone,
        cr1_0.topic,
        cr1_0.user_id 
    from
        content_requests cr1_0 
    where
        cr1_0.id=?
Hibernate: 
    select
        t1_0.id,
        t1_0.agent_type,
        t1_0.created_at,
        t1_0.payload::text,
        t1_0.request_id,
        t1_0.result::text,
        t1_0.status,
        t1_0.updated_at 
    from
        tasks t1_0 
    where
        t1_0.request_id=?
Hibernate: 
    select
        t1_0.id,
        t1_0.agent_type,
        t1_0.created_at,
        t1_0.payload::text,
        t1_0.request_id,
        t1_0.result::text,
        t1_0.status,
        t1_0.updated_at 
    from
        tasks t1_0 
    where
        t1_0.agent_type=? 
        and t1_0.status=?
Hibernate: 
    select
        t1_0.id,
        t1_0.agent_type,
        t1_0.created_at,
        t1_0.payload::text,
        t1_0.request_id,
        t1_0.result::text,
        t1_0.status,
        t1_0.updated_at 
    from
        tasks t1_0 
    where
        t1_0.request_id=? 
        and t1_0.agent_type=?
Hibernate: 
    select
        t1_0.id,
        t1_0.agent_type,
        t1_0.created_at,
        t1_0.payload::text,
        t1_0.request_id,
        t1_0.result::text,
        t1_0.status,
        t1_0.updated_at 
    from
        tasks t1_0 
    where
        t1_0.request_id=? 
        and t1_0.agent_type=?
Hibernate: 
    select
        t1_0.id,
        t1_0.agent_type,
        t1_0.created_at,
        t1_0.payload::text,
        t1_0.request_id,
        t1_0.result::text,
        t1_0.status,
        t1_0.updated_at 
    from
        tasks t1_0 
    where
        t1_0.request_id=? 
        and t1_0.agent_type=?
Hibernate: 
    select
        cr1_0.id,
        cr1_0.created_at,
        cr1_0.language,
        cr1_0.status,
        cr1_0.tone,
        cr1_0.topic,
        cr1_0.user_id 
    from
        content_requests cr1_0 
    where
        cr1_0.id=?
Hibernate: 
    insert 
    into
        tasks
        (agent_type, created_at, payload, request_id, result, status, updated_at) 
    values
        (?, ?, ?::jsonb, ?, ?::jsonb, ?, ?)
📤 Triggered writer task for request 5 after research completion
Hibernate: 
    select
        cr1_0.id,
        cr1_0.created_at,
        cr1_0.language,
        cr1_0.status,
        cr1_0.tone,
        cr1_0.topic,
        cr1_0.user_id 
    from
        content_requests cr1_0 
    where
        cr1_0.id=?
Hibernate: 
    update
        content_requests 
    set
        language=?,
        status=?,
        tone=?,
        topic=?,
        user_id=? 
    where
        id=?
📊 Updated request 5 status to IN_PROGRESS
Hibernate: 
    select
        t1_0.id,
        t1_0.agent_type,
        t1_0.created_at,
        t1_0.payload::text,
        t1_0.request_id,
        t1_0.result::text,
        t1_0.status,
        t1_0.updated_at 
    from
        tasks t1_0 
    where
        t1_0.agent_type=? 
        and t1_0.status=?
Hibernate: 
    select
        t1_0.id,
        t1_0.agent_type,
        t1_0.created_at,
        t1_0.payload::text,
        t1_0.request_id,
        t1_0.result::text,
        t1_0.status,
        t1_0.updated_at 
    from
        tasks t1_0 
    where
        t1_0.request_id=? 
        and t1_0.agent_type=?
Hibernate: 
    select
        t1_0.id,
        t1_0.agent_type,
        t1_0.created_at,
        t1_0.payload::text,
        t1_0.request_id,
        t1_0.result::text,
        t1_0.status,
        t1_0.updated_at 
    from
        tasks t1_0 
    where
        t1_0.request_id=? 
        and t1_0.agent_type=?
Hibernate: 
    select
        cr1_0.id,
        cr1_0.created_at,
        cr1_0.language,
        cr1_0.status,
        cr1_0.tone,
        cr1_0.topic,
        cr1_0.user_id 
    from
        content_requests cr1_0
Hibernate: 
    select
        t1_0.id,
        t1_0.agent_type,
        t1_0.created_at,
        t1_0.payload::text,
        t1_0.request_id,
        t1_0.result::text,
        t1_0.status,
        t1_0.updated_at 
    from
        tasks t1_0 
    where
        t1_0.request_id=?
Hibernate: 
    select
        cr1_0.id,
        cr1_0.created_at,
        cr1_0.language,
        cr1_0.status,
        cr1_0.tone,
        cr1_0.topic,
        cr1_0.user_id 
    from
        content_requests cr1_0 
    where
        cr1_0.id=?
Hibernate: 
    select
        t1_0.id,
        t1_0.agent_type,
        t1_0.created_at,
        t1_0.payload::text,
        t1_0.request_id,
        t1_0.result::text,
        t1_0.status,
        t1_0.updated_at 
    from
        tasks t1_0 
    where
        t1_0.request_id=?
Hibernate: 
    select
        t1_0.id,
        t1_0.agent_type,
        t1_0.created_at,
        t1_0.payload::text,
        t1_0.request_id,
        t1_0.result::text,
        t1_0.status,
        t1_0.updated_at 
    from
        tasks t1_0 
    where
        t1_0.agent_type=? 
        and t1_0.status=?
Hibernate: 
    select
        t1_0.id,
        t1_0.agent_type,
        t1_0.created_at,
        t1_0.payload::text,
        t1_0.request_id,
        t1_0.result::text,
        t1_0.status,
        t1_0.updated_at 
    from
        tasks t1_0 
    where
        t1_0.request_id=? 
        and t1_0.agent_type=?
Hibernate: 
    select
        t1_0.id,
        t1_0.agent_type,
        t1_0.created_at,
        t1_0.payload::text,
        t1_0.request_id,
        t1_0.result::text,
        t1_0.status,
        t1_0.updated_at 
    from
        tasks t1_0 
    where
        t1_0.request_id=? 
        and t1_0.agent_type=?
Hibernate: 
    select
        t1_0.id,
        t1_0.agent_type,
        t1_0.created_at,
        t1_0.payload::text,
        t1_0.request_id,
        t1_0.result::text,
        t1_0.status,
        t1_0.updated_at 
    from
        tasks t1_0 
    where
        t1_0.request_id=? 
        and t1_0.agent_type=?
Hibernate: 
    select
        t1_0.id,
        t1_0.agent_type,
        t1_0.created_at,
        t1_0.payload::text,
        t1_0.request_id,
        t1_0.result::text,
        t1_0.status,
        t1_0.updated_at 
    from
        tasks t1_0 
    where
        t1_0.agent_type=? 
        and t1_0.status=?
Hibernate: 
    select
        t1_0.id,
        t1_0.agent_type,
        t1_0.created_at,
        t1_0.payload::text,
        t1_0.request_id,
        t1_0.result::text,
        t1_0.status,
        t1_0.updated_at 
    from
        tasks t1_0 
    where
        t1_0.request_id=? 
        and t1_0.agent_type=?
Hibernate: 
    select
        t1_0.id,
        t1_0.agent_type,
        t1_0.created_at,
        t1_0.payload::text,
        t1_0.request_id,
        t1_0.result::text,
        t1_0.status,
        t1_0.updated_at 
    from
        tasks t1_0 
    where
        t1_0.request_id=? 
        and t1_0.agent_type=?
Hibernate: 
    select
        cr1_0.id,
        cr1_0.created_at,
        cr1_0.language,
        cr1_0.status,
        cr1_0.tone,
        cr1_0.topic,
        cr1_0.user_id 
    from
        content_requests cr1_0 
    where
        cr1_0.id=?
Hibernate: 
    insert 
    into
        tasks
        (agent_type, created_at, payload, request_id, result, status, updated_at) 
    values
        (?, ?, ?::jsonb, ?, ?::jsonb, ?, ?)
📤 Triggered evaluator task for request 5 after writer completion
Hibernate: 
    select
        t1_0.id,
        t1_0.agent_type,
        t1_0.created_at,
        t1_0.payload::text,
        t1_0.request_id,
        t1_0.result::text,
        t1_0.status,
        t1_0.updated_at 
    from
        tasks t1_0 
    where
        t1_0.request_id=? 
        and t1_0.agent_type=?
Hibernate: 
    select
        cr1_0.id,
        cr1_0.created_at,
        cr1_0.language,
        cr1_0.status,
        cr1_0.tone,
        cr1_0.topic,
        cr1_0.user_id 
    from
        content_requests cr1_0
Hibernate: 
    select
        t1_0.id,
        t1_0.agent_type,
        t1_0.created_at,
        t1_0.payload::text,
        t1_0.request_id,
        t1_0.result::text,
        t1_0.status,
        t1_0.updated_at 
    from
        tasks t1_0 
    where
        t1_0.request_id=?
Hibernate: 
    select
        cr1_0.id,
        cr1_0.created_at,
        cr1_0.language,
        cr1_0.status,
        cr1_0.tone,
        cr1_0.topic,
        cr1_0.user_id 
    from
        content_requests cr1_0 
    where
        cr1_0.id=?
Hibernate: 
    select
        t1_0.id,
        t1_0.agent_type,
        t1_0.created_at,
        t1_0.payload::text,
        t1_0.request_id,
        t1_0.result::text,
        t1_0.status,
        t1_0.updated_at 
    from
        tasks t1_0 
    where
        t1_0.request_id=?
Hibernate: 
    select
        t1_0.id,
        t1_0.agent_type,
        t1_0.created_at,
        t1_0.payload::text,
        t1_0.request_id,
        t1_0.result::text,
        t1_0.status,
        t1_0.updated_at 
    from
        tasks t1_0 
    where
        t1_0.agent_type=? 
        and t1_0.status=?
Hibernate: 
    select
        t1_0.id,
        t1_0.agent_type,
        t1_0.created_at,
        t1_0.payload::text,
        t1_0.request_id,
        t1_0.result::text,
        t1_0.status,
        t1_0.updated_at 
    from
        tasks t1_0 
    where
        t1_0.request_id=? 
        and t1_0.agent_type=?
Hibernate: 
    select
        t1_0.id,
        t1_0.agent_type,
        t1_0.created_at,
        t1_0.payload::text,
        t1_0.request_id,
        t1_0.result::text,
        t1_0.status,
        t1_0.updated_at 
    from
        tasks t1_0 
    where
        t1_0.request_id=? 
        and t1_0.agent_type=?
Hibernate: 
    select
        t1_0.id,
        t1_0.agent_type,
        t1_0.created_at,
        t1_0.payload::text,
        t1_0.request_id,
        t1_0.result::text,
        t1_0.status,
        t1_0.updated_at 
    from
        tasks t1_0 
    where
        t1_0.request_id=? 
        and t1_0.agent_type=?
Hibernate: 
    select
        t1_0.id,
        t1_0.agent_type,
        t1_0.created_at,
        t1_0.payload::text,
        t1_0.request_id,
        t1_0.result::text,
        t1_0.status,
        t1_0.updated_at 
    from
        tasks t1_0 
    where
        t1_0.agent_type=? 
        and t1_0.status=?
Hibernate: 
    select
        t1_0.id,
        t1_0.agent_type,
        t1_0.created_at,
        t1_0.payload::text,
        t1_0.request_id,
        t1_0.result::text,
        t1_0.status,
        t1_0.updated_at 
    from
        tasks t1_0 
    where
        t1_0.request_id=? 
        and t1_0.agent_type=?
Hibernate: 
    select
        t1_0.id,
        t1_0.agent_type,
        t1_0.created_at,
        t1_0.payload::text,
        t1_0.request_id,
        t1_0.result::text,
        t1_0.status,
        t1_0.updated_at 
    from
        tasks t1_0 
    where
        t1_0.request_id=? 
        and t1_0.agent_type=?
Hibernate: 
    select
        t1_0.id,
        t1_0.agent_type,
        t1_0.created_at,
        t1_0.payload::text,
        t1_0.request_id,
        t1_0.result::text,
        t1_0.status,
        t1_0.updated_at 
    from
        tasks t1_0 
    where
        t1_0.request_id=? 
        and t1_0.agent_type=?
Hibernate: 
    select
        cr1_0.id,
        cr1_0.created_at,
        cr1_0.language,
        cr1_0.status,
        cr1_0.tone,
        cr1_0.topic,
        cr1_0.user_id 
    from
        content_requests cr1_0
Hibernate: 
    select
        t1_0.id,
        t1_0.agent_type,
        t1_0.created_at,
        t1_0.payload::text,
        t1_0.request_id,
        t1_0.result::text,
        t1_0.status,
        t1_0.updated_at 
    from
        tasks t1_0 
    where
        t1_0.request_id=?
Hibernate: 
    select
        cr1_0.id,
        cr1_0.created_at,
        cr1_0.language,
        cr1_0.status,
        cr1_0.tone,
        cr1_0.topic,
        cr1_0.user_id 
    from
        content_requests cr1_0 
    where
        cr1_0.id=?
Hibernate: 
    select
        cr1_0.id,
        cr1_0.created_at,
        cr1_0.language,
        cr1_0.status,
        cr1_0.tone,
        cr1_0.topic,
        cr1_0.user_id 
    from
        content_requests cr1_0 
    where
        cr1_0.id=?
Hibernate: 
    update
        content_requests 
    set
        language=?,
        status=?,
        tone=?,
        topic=?,
        user_id=? 
    where
        id=?
✅ Updated request 5 status to COMPLETED
Hibernate: 
    select
        cr1_0.id,
        cr1_0.created_at,
        cr1_0.language,
        cr1_0.status,
        cr1_0.tone,
        cr1_0.topic,
        cr1_0.user_id 
    from
        content_requests cr1_0 
    where
        cr1_0.id=?
Hibernate: 
    select
        t1_0.id,
        t1_0.agent_type,
        t1_0.created_at,
        t1_0.payload::text,
        t1_0.request_id,
        t1_0.result::text,
        t1_0.status,
        t1_0.updated_at 
    from
        tasks t1_0 
    where
        t1_0.request_id=?
Hibernate: 
    select
        t1_0.id,
        t1_0.agent_type,
        t1_0.created_at,
        t1_0.payload::text,
        t1_0.request_id,
        t1_0.result::text,
        t1_0.status,
        t1_0.updated_at 
    from
        tasks t1_0 
    where
        t1_0.agent_type=? 
        and t1_0.status=?
Hibernate: 
    select
        t1_0.id,
        t1_0.agent_type,
        t1_0.created_at,
        t1_0.payload::text,
        t1_0.request_id,
        t1_0.result::text,
        t1_0.status,
        t1_0.updated_at 
    from
        tasks t1_0 
    where
        t1_0.request_id=? 
        and t1_0.agent_type=?
Hibernate: 
    select
        t1_0.id,
        t1_0.agent_type,
        t1_0.created_at,
        t1_0.payload::text,
        t1_0.request_id,
        t1_0.result::text,
        t1_0.status,
        t1_0.updated_at 
    from
        tasks t1_0 
    where
        t1_0.request_id=? 
        and t1_0.agent_type=?
Hibernate: 
    select
        t1_0.id,
        t1_0.agent_type,
        t1_0.created_at,
        t1_0.payload::text,
        t1_0.request_id,
        t1_0.result::text,
        t1_0.status,
        t1_0.updated_at 
    from
        tasks t1_0 
    where
        t1_0.request_id=? 
        and t1_0.agent_type=?
Hibernate: 
    select
        t1_0.id,
        t1_0.agent_type,
        t1_0.created_at,
        t1_0.payload::text,
        t1_0.request_id,
        t1_0.result::text,
        t1_0.status,
        t1_0.updated_at 
    from
        tasks t1_0 
    where
        t1_0.agent_type=? 
        and t1_0.status=?
Hibernate: 
    select
        t1_0.id,
        t1_0.agent_type,
        t1_0.created_at,
        t1_0.payload::text,
        t1_0.request_id,
        t1_0.result::text,
        t1_0.status,
        t1_0.updated_at 
    from
        tasks t1_0 
    where
        t1_0.request_id=? 
        and t1_0.agent_type=?
Hibernate: 
    select
        t1_0.id,
        t1_0.agent_type,
        t1_0.created_at,
        t1_0.payload::text,
        t1_0.request_id,
        t1_0.result::text,
        t1_0.status,
        t1_0.updated_at 
    from
        tasks t1_0 
    where
        t1_0.request_id=? 
        and t1_0.agent_type=?
Hibernate: 
    select
        t1_0.id,
        t1_0.agent_type,
        t1_0.created_at,
        t1_0.payload::text,
        t1_0.request_id,
        t1_0.result::text,
        t1_0.status,
        t1_0.updated_at 
    from
        tasks t1_0 
    where
        t1_0.request_id=? 
        and t1_0.agent_type=?
Hibernate: 
    select
        cr1_0.id,
        cr1_0.created_at,
        cr1_0.language,
        cr1_0.status,
        cr1_0.tone,
        cr1_0.topic,
        cr1_0.user_id 
    from
        content_requests cr1_0
Hibernate: 
    select
        cr1_0.id,
        cr1_0.created_at,
        cr1_0.language,
        cr1_0.status,
        cr1_0.tone,
        cr1_0.topic,
        cr1_0.user_id 
    from
        content_requests cr1_0 
    where
        cr1_0.id=?
Hibernate: 
    select
        t1_0.id,
        t1_0.agent_type,
        t1_0.created_at,
        t1_0.payload::text,
        t1_0.request_id,
        t1_0.result::text,
        t1_0.status,
        t1_0.updated_at 
    from
        tasks t1_0 
    where
        t1_0.request_id=?
Hibernate: 
    select
        t1_0.id,
        t1_0.agent_type,
        t1_0.created_at,
        t1_0.payload::text,
        t1_0.request_id,
        t1_0.result::text,
        t1_0.status,
        t1_0.updated_at 
    from
        tasks t1_0 
    where
        t1_0.agent_type=? 
        and t1_0.status=?
Hibernate: 
    select
        t1_0.id,
        t1_0.agent_type,
        t1_0.created_at,
        t1_0.payload::text,
        t1_0.request_id,
        t1_0.result::text,
        t1_0.status,
        t1_0.updated_at 
    from
        tasks t1_0 
    where
        t1_0.request_id=? 
        and t1_0.agent_type=?
Hibernate: 
    select
        t1_0.id,
        t1_0.agent_type,
        t1_0.created_at,
        t1_0.payload::text,
        t1_0.request_id,
        t1_0.result::text,
        t1_0.status,
        t1_0.updated_at 
    from
        tasks t1_0 
    where
        t1_0.request_id=? 
        and t1_0.agent_type=?
Hibernate: 
    select
        t1_0.id,
        t1_0.agent_type,
        t1_0.created_at,
        t1_0.payload::text,
        t1_0.request_id,
        t1_0.result::text,
        t1_0.status,
        t1_0.updated_at 
    from
        tasks t1_0 
    where
        t1_0.request_id=? 
        and t1_0.agent_type=?
Hibernate: 
    select
        t1_0.id,
        t1_0.agent_type,
        t1_0.created_at,
        t1_0.payload::text,
        t1_0.request_id,
        t1_0.result::text,
        t1_0.status,
        t1_0.updated_at 
    from
        tasks t1_0 
    where
        t1_0.agent_type=? 
        and t1_0.status=?
Hibernate: 
    select
        t1_0.id,
        t1_0.agent_type,
        t1_0.created_at,
        t1_0.payload::text,
        t1_0.request_id,
        t1_0.result::text,
        t1_0.status,
        t1_0.updated_at 
    from
        tasks t1_0 
    where
        t1_0.request_id=? 
        and t1_0.agent_type=?
Hibernate: 
    select
        t1_0.id,
        t1_0.agent_type,
        t1_0.created_at,
        t1_0.payload::text,
        t1_0.request_id,
        t1_0.result::text,
        t1_0.status,
        t1_0.updated_at 
    from
        tasks t1_0 
    where
        t1_0.request_id=? 
        and t1_0.agent_type=?
Hibernate: 
    select
        t1_0.id,
        t1_0.agent_type,
        t1_0.created_at,
        t1_0.payload::text,
        t1_0.request_id,
        t1_0.result::text,
        t1_0.status,
        t1_0.updated_at 
    from
        tasks t1_0 
    where
        t1_0.request_id=? 
        and t1_0.agent_type=?
Hibernate: 
    select
        cr1_0.id,
        cr1_0.created_at,
        cr1_0.language,
        cr1_0.status,
        cr1_0.tone,
        cr1_0.topic,
        cr1_0.user_id 
    from
        content_requests cr1_0
Hibernate: 
    select
        cr1_0.id,
        cr1_0.created_at,
        cr1_0.language,
        cr1_0.status,
        cr1_0.tone,
        cr1_0.topic,
        cr1_0.user_id 
    from
        content_requests cr1_0 
    where
        cr1_0.id=?
Hibernate: 
    select
        t1_0.id,
        t1_0.agent_type,
        t1_0.created_at,
        t1_0.payload::text,
        t1_0.request_id,
        t1_0.result::text,
        t1_0.status,
        t1_0.updated_at 
    from
        tasks t1_0 
    where
        t1_0.request_id=?
Hibernate: 
    select
        t1_0.id,
        t1_0.agent_type,
        t1_0.created_at,
        t1_0.payload::text,
        t1_0.request_id,
        t1_0.result::text,
        t1_0.status,
        t1_0.updated_at 
    from
        tasks t1_0 
    where
        t1_0.agent_type=? 
        and t1_0.status=?
Hibernate: 
    select
        t1_0.id,
        t1_0.agent_type,
        t1_0.created_at,
        t1_0.payload::text,
        t1_0.request_id,
        t1_0.result::text,
        t1_0.status,
        t1_0.updated_at 
    from
        tasks t1_0 
    where
        t1_0.request_id=? 
        and t1_0.agent_type=?
Hibernate: 
    select
        t1_0.id,
        t1_0.agent_type,
        t1_0.created_at,
        t1_0.payload::text,
        t1_0.request_id,
        t1_0.result::text,
        t1_0.status,
        t1_0.updated_at 
    from
        tasks t1_0 
    where
        t1_0.request_id=? 
        and t1_0.agent_type=?
Hibernate: 
    select
        t1_0.id,
        t1_0.agent_type,
        t1_0.created_at,
        t1_0.payload::text,
        t1_0.request_id,
        t1_0.result::text,
        t1_0.status,
        t1_0.updated_at 
    from
        tasks t1_0 
    where
        t1_0.request_id=? 
        and t1_0.agent_type=?
Hibernate: 
    select
        t1_0.id,
        t1_0.agent_type,
        t1_0.created_at,
        t1_0.payload::text,
        t1_0.request_id,
        t1_0.result::text,
        t1_0.status,
        t1_0.updated_at 
    from
        tasks t1_0 
    where
        t1_0.agent_type=? 
        and t1_0.status=?
Hibernate: 
    select
        t1_0.id,
        t1_0.agent_type,
        t1_0.created_at,
        t1_0.payload::text,
        t1_0.request_id,
        t1_0.result::text,
        t1_0.status,
        t1_0.updated_at 
    from
        tasks t1_0 
    where
        t1_0.request_id=? 
        and t1_0.agent_type=?
Hibernate: 
    select
        t1_0.id,
        t1_0.agent_type,
        t1_0.created_at,
        t1_0.payload::text,
        t1_0.request_id,
        t1_0.result::text,
        t1_0.status,
        t1_0.updated_at 
    from
        tasks t1_0 
    where
        t1_0.request_id=? 
        and t1_0.agent_type=?
Hibernate: 
    select
        t1_0.id,
        t1_0.agent_type,
        t1_0.created_at,
        t1_0.payload::text,
        t1_0.request_id,
        t1_0.result::text,
        t1_0.status,
        t1_0.updated_at 
    from
        tasks t1_0 
    where
        t1_0.request_id=? 
        and t1_0.agent_type=?
Hibernate: 
    select
        cr1_0.id,
        cr1_0.created_at,
        cr1_0.language,
        cr1_0.status,
        cr1_0.tone,
        cr1_0.topic,
        cr1_0.user_id 
    from
        content_requests cr1_0
Hibernate: 
    select
        t1_0.id,
        t1_0.agent_type,
        t1_0.created_at,
        t1_0.payload::text,
        t1_0.request_id,
        t1_0.result::text,
        t1_0.status,
        t1_0.updated_at 
    from
        tasks t1_0 
    where
        t1_0.agent_type=? 
        and t1_0.status=?
Hibernate: 
    select
        t1_0.id,
        t1_0.agent_type,
        t1_0.created_at,
        t1_0.payload::text,
        t1_0.request_id,
        t1_0.result::text,
        t1_0.status,
        t1_0.updated_at 
    from
        tasks t1_0 
    where
        t1_0.request_id=? 
        and t1_0.agent_type=?
Hibernate: 
    select
        t1_0.id,
        t1_0.agent_type,
        t1_0.created_at,
        t1_0.payload::text,
        t1_0.request_id,
        t1_0.result::text,
        t1_0.status,
        t1_0.updated_at 
    from
        tasks t1_0 
    where
        t1_0.request_id=? 
        and t1_0.agent_type=?
Hibernate: 
    select
        t1_0.id,
        t1_0.agent_type,
        t1_0.created_at,
        t1_0.payload::text,
        t1_0.request_id,
        t1_0.result::text,
        t1_0.status,
        t1_0.updated_at 
    from
        tasks t1_0 
    where
        t1_0.request_id=? 
        and t1_0.agent_type=?
Hibernate: 
    select
        t1_0.id,
        t1_0.agent_type,
        t1_0.created_at,
        t1_0.payload::text,
        t1_0.request_id,
        t1_0.result::text,
        t1_0.status,
        t1_0.updated_at 
    from
        tasks t1_0 
    where
        t1_0.agent_type=? 
        and t1_0.status=?
Hibernate: 
    select
        t1_0.id,
        t1_0.agent_type,
        t1_0.created_at,
        t1_0.payload::text,
        t1_0.request_id,
        t1_0.result::text,
        t1_0.status,
        t1_0.updated_at 
    from
        tasks t1_0 
    where
        t1_0.request_id=? 
        and t1_0.agent_type=?
Hibernate: 
    select
        t1_0.id,
        t1_0.agent_type,
        t1_0.created_at,
        t1_0.payload::text,
        t1_0.request_id,
        t1_0.result::text,
        t1_0.status,
        t1_0.updated_at 
    from
        tasks t1_0 
    where
        t1_0.request_id=? 
        and t1_0.agent_type=?
Hibernate: 
    select
        t1_0.id,
        t1_0.agent_type,
        t1_0.created_at,
        t1_0.payload::text,
        t1_0.request_id,
        t1_0.result::text,
        t1_0.status,
        t1_0.updated_at 
    from
        tasks t1_0 
    where
        t1_0.request_id=? 
        and t1_0.agent_type=?
Hibernate: 
    select
        cr1_0.id,
        cr1_0.created_at,
        cr1_0.language,
        cr1_0.status,
        cr1_0.tone,
        cr1_0.topic,
        cr1_0.user_id 
    from
        content_requests cr1_0
Hibernate: 
    select
        t1_0.id,
        t1_0.agent_type,
        t1_0.created_at,
        t1_0.payload::text,
        t1_0.request_id,
        t1_0.result::text,
        t1_0.status,
        t1_0.updated_at 
    from
        tasks t1_0 
    where
        t1_0.agent_type=? 
        and t1_0.status=?
Hibernate: 
    select
        t1_0.id,
        t1_0.agent_type,
        t1_0.created_at,
        t1_0.payload::text,
        t1_0.request_id,
        t1_0.result::text,
        t1_0.status,
        t1_0.updated_at 
    from
        tasks t1_0 
    where
        t1_0.request_id=? 
        and t1_0.agent_type=?
Hibernate: 
    select
        t1_0.id,
        t1_0.agent_type,
        t1_0.created_at,
        t1_0.payload::text,
        t1_0.request_id,
        t1_0.result::text,
        t1_0.status,
        t1_0.updated_at 
    from
        tasks t1_0 
    where
        t1_0.request_id=? 
        and t1_0.agent_type=?
Hibernate: 
    select
        t1_0.id,
        t1_0.agent_type,
        t1_0.created_at,
        t1_0.payload::text,
        t1_0.request_id,
        t1_0.result::text,
        t1_0.status,
        t1_0.updated_at 
    from
        tasks t1_0 
    where
        t1_0.request_id=? 
        and t1_0.agent_type=?
Hibernate: 
    select
        t1_0.id,
        t1_0.agent_type,
        t1_0.created_at,
        t1_0.payload::text,
        t1_0.request_id,
        t1_0.result::text,
        t1_0.status,
        t1_0.updated_at 
    from
        tasks t1_0 
    where
        t1_0.agent_type=? 
        and t1_0.status=?
Hibernate: 
    select
        t1_0.id,
        t1_0.agent_type,
        t1_0.created_at,
        t1_0.payload::text,
        t1_0.request_id,
        t1_0.result::text,
        t1_0.status,
        t1_0.updated_at 
    from
        tasks t1_0 
    where
        t1_0.request_id=? 
        and t1_0.agent_type=?
Hibernate: 
    select
        t1_0.id,
        t1_0.agent_type,
        t1_0.created_at,
        t1_0.payload::text,
        t1_0.request_id,
        t1_0.result::text,
        t1_0.status,
        t1_0.updated_at 
    from
        tasks t1_0 
    where
        t1_0.request_id=? 
        and t1_0.agent_type=?
Hibernate: 
    select
        t1_0.id,
        t1_0.agent_type,
        t1_0.created_at,
        t1_0.payload::text,
        t1_0.request_id,
        t1_0.result::text,
        t1_0.status,
        t1_0.updated_at 
    from
        tasks t1_0 
    where
        t1_0.request_id=? 
        and t1_0.agent_type=?
Hibernate: 
    select
        cr1_0.id,
        cr1_0.created_at,
        cr1_0.language,
        cr1_0.status,
        cr1_0.tone,
        cr1_0.topic,
        cr1_0.user_id 
    from
        content_requests cr1_0
Hibernate: 
    select
        t1_0.id,
        t1_0.agent_type,
        t1_0.created_at,
        t1_0.payload::text,
        t1_0.request_id,
        t1_0.result::text,
        t1_0.status,
        t1_0.updated_at 
    from
        tasks t1_0 
    where
        t1_0.agent_type=? 
        and t1_0.status=?
Hibernate: 
    select
        t1_0.id,
        t1_0.agent_type,
        t1_0.created_at,
        t1_0.payload::text,
        t1_0.request_id,
        t1_0.result::text,
        t1_0.status,
        t1_0.updated_at 
    from
        tasks t1_0 
    where
        t1_0.request_id=? 
        and t1_0.agent_type=?
Hibernate: 
    select
        t1_0.id,
        t1_0.agent_type,
        t1_0.created_at,
        t1_0.payload::text,
        t1_0.request_id,
        t1_0.result::text,
        t1_0.status,
        t1_0.updated_at 
    from
        tasks t1_0 
    where
        t1_0.request_id=? 
        and t1_0.agent_type=?
Hibernate: 
    select
        t1_0.id,
        t1_0.agent_type,
        t1_0.created_at,
        t1_0.payload::text,
        t1_0.request_id,
        t1_0.result::text,
        t1_0.status,
        t1_0.updated_at 
    from
        tasks t1_0 
    where
        t1_0.request_id=? 
        and t1_0.agent_type=?
Hibernate: 
    select
        t1_0.id,
        t1_0.agent_type,
        t1_0.created_at,
        t1_0.payload::text,
        t1_0.request_id,
        t1_0.result::text,
        t1_0.status,
        t1_0.updated_at 
    from
        tasks t1_0 
    where
        t1_0.agent_type=? 
        and t1_0.status=?
Hibernate: 
    select
        t1_0.id,
        t1_0.agent_type,
        t1_0.created_at,
        t1_0.payload::text,
        t1_0.request_id,
        t1_0.result::text,
        t1_0.status,
        t1_0.updated_at 
    from
        tasks t1_0 
    where
        t1_0.request_id=? 
        and t1_0.agent_type=?
Hibernate: 
    select
        t1_0.id,
        t1_0.agent_type,
        t1_0.created_at,
        t1_0.payload::text,
        t1_0.request_id,
        t1_0.result::text,
        t1_0.status,
        t1_0.updated_at 
    from
        tasks t1_0 
    where
        t1_0.request_id=? 
        and t1_0.agent_type=?
Hibernate: 
    select
        t1_0.id,
        t1_0.agent_type,
        t1_0.created_at,
        t1_0.payload::text,
        t1_0.request_id,
        t1_0.result::text,
        t1_0.status,
        t1_0.updated_at 
    from
        tasks t1_0 
    where
        t1_0.request_id=? 
        and t1_0.agent_type=?
Hibernate: 
    select
        cr1_0.id,
        cr1_0.created_at,
        cr1_0.language,
        cr1_0.status,
        cr1_0.tone,
        cr1_0.topic,
        cr1_0.user_id 
    from
        content_requests cr1_0
Hibernate: 
    select
        t1_0.id,
        t1_0.agent_type,
        t1_0.created_at,
        t1_0.payload::text,
        t1_0.request_id,
        t1_0.result::text,
        t1_0.status,
        t1_0.updated_at 
    from
        tasks t1_0 
    where
        t1_0.agent_type=? 
        and t1_0.status=?
Hibernate: 
    select
        t1_0.id,
        t1_0.agent_type,
        t1_0.created_at,
        t1_0.payload::text,
        t1_0.request_id,
        t1_0.result::text,
        t1_0.status,
        t1_0.updated_at 
    from
        tasks t1_0 
    where
        t1_0.request_id=? 
        and t1_0.agent_type=?
Hibernate: 
    select
        t1_0.id,
        t1_0.agent_type,
        t1_0.created_at,
        t1_0.payload::text,
        t1_0.request_id,
        t1_0.result::text,
        t1_0.status,
        t1_0.updated_at 
    from
        tasks t1_0 
    where
        t1_0.request_id=? 
        and t1_0.agent_type=?
Hibernate: 
    select
        t1_0.id,
        t1_0.agent_type,
        t1_0.created_at,
        t1_0.payload::text,
        t1_0.request_id,
        t1_0.result::text,
        t1_0.status,
        t1_0.updated_at 
    from
        tasks t1_0 
    where
        t1_0.request_id=? 
        and t1_0.agent_type=?
Hibernate: 
    select
        t1_0.id,
        t1_0.agent_type,
        t1_0.created_at,
        t1_0.payload::text,
        t1_0.request_id,
        t1_0.result::text,
        t1_0.status,
        t1_0.updated_at 
    from
        tasks t1_0 
    where
        t1_0.agent_type=? 
        and t1_0.status=?
Hibernate: 
    select
        t1_0.id,
        t1_0.agent_type,
        t1_0.created_at,
        t1_0.payload::text,
        t1_0.request_id,
        t1_0.result::text,
        t1_0.status,
        t1_0.updated_at 
    from
        tasks t1_0 
    where
        t1_0.request_id=? 
        and t1_0.agent_type=?
Hibernate: 
    select
        t1_0.id,
        t1_0.agent_type,
        t1_0.created_at,
        t1_0.payload::text,
        t1_0.request_id,
        t1_0.result::text,
        t1_0.status,
        t1_0.updated_at 
    from
        tasks t1_0 
    where
        t1_0.request_id=? 
        and t1_0.agent_type=?
Hibernate: 
    select
        t1_0.id,
        t1_0.agent_type,
        t1_0.created_at,
        t1_0.payload::text,
        t1_0.request_id,
        t1_0.result::text,
        t1_0.status,
        t1_0.updated_at 
    from
        tasks t1_0 
    where
        t1_0.request_id=? 
        and t1_0.agent_type=?
Hibernate: 
    select
        cr1_0.id,
        cr1_0.created_at,
        cr1_0.language,
        cr1_0.status,
        cr1_0.tone,
        cr1_0.topic,
        cr1_0.user_id 
    from
        content_requests cr1_0
Hibernate: 
    select
        t1_0.id,
        t1_0.agent_type,
        t1_0.created_at,
        t1_0.payload::text,
        t1_0.request_id,
        t1_0.result::text,
        t1_0.status,
        t1_0.updated_at 
    from
        tasks t1_0 
    where
        t1_0.agent_type=? 
        and t1_0.status=?
Hibernate: 
    select
        t1_0.id,
        t1_0.agent_type,
        t1_0.created_at,
        t1_0.payload::text,
        t1_0.request_id,
        t1_0.result::text,
        t1_0.status,
        t1_0.updated_at 
    from
        tasks t1_0 
    where
        t1_0.request_id=? 
        and t1_0.agent_type=?
Hibernate: 
    select
        t1_0.id,
        t1_0.agent_type,
        t1_0.created_at,
        t1_0.payload::text,
        t1_0.request_id,
        t1_0.result::text,
        t1_0.status,
        t1_0.updated_at 
    from
        tasks t1_0 
    where
        t1_0.request_id=? 
        and t1_0.agent_type=?
Hibernate: 
    select
        t1_0.id,
        t1_0.agent_type,
        t1_0.created_at,
        t1_0.payload::text,
        t1_0.request_id,
        t1_0.result::text,
        t1_0.status,
        t1_0.updated_at 
    from
        tasks t1_0 
    where
        t1_0.request_id=? 
        and t1_0.agent_type=?
Hibernate: 
    select
        t1_0.id,
        t1_0.agent_type,
        t1_0.created_at,
        t1_0.payload::text,
        t1_0.request_id,
        t1_0.result::text,
        t1_0.status,
        t1_0.updated_at 
    from
        tasks t1_0 
    where
        t1_0.agent_type=? 
        and t1_0.status=?
Hibernate: 
    select
        t1_0.id,
        t1_0.agent_type,
        t1_0.created_at,
        t1_0.payload::text,
        t1_0.request_id,
        t1_0.result::text,
        t1_0.status,
        t1_0.updated_at 
    from
        tasks t1_0 
    where
        t1_0.request_id=? 
        and t1_0.agent_type=?
Hibernate: 
    select
        t1_0.id,
        t1_0.agent_type,
        t1_0.created_at,
        t1_0.payload::text,
        t1_0.request_id,
        t1_0.result::text,
        t1_0.status,
        t1_0.updated_at 
    from
        tasks t1_0 
    where
        t1_0.request_id=? 
        and t1_0.agent_type=?
Hibernate: 
    select
        t1_0.id,
        t1_0.agent_type,
        t1_0.created_at,
        t1_0.payload::text,
        t1_0.request_id,
        t1_0.result::text,
        t1_0.status,
        t1_0.updated_at 
    from
        tasks t1_0 
    where
        t1_0.request_id=? 
        and t1_0.agent_type=?
Hibernate: 
    select
        cr1_0.id,
        cr1_0.created_at,
        cr1_0.language,
        cr1_0.status,
        cr1_0.tone,
        cr1_0.topic,
        cr1_0.user_id 
    from
        content_requests cr1_0
Hibernate: 
    select
        t1_0.id,
        t1_0.agent_type,
        t1_0.created_at,
        t1_0.payload::text,
        t1_0.request_id,
        t1_0.result::text,
        t1_0.status,
        t1_0.updated_at 
    from
        tasks t1_0 
    where
        t1_0.agent_type=? 
        and t1_0.status=?
Hibernate: 
    select
        t1_0.id,
        t1_0.agent_type,
        t1_0.created_at,
        t1_0.payload::text,
        t1_0.request_id,
        t1_0.result::text,
        t1_0.status,
        t1_0.updated_at 
    from
        tasks t1_0 
    where
        t1_0.request_id=? 
        and t1_0.agent_type=?
Hibernate: 
    select
        t1_0.id,
        t1_0.agent_type,
        t1_0.created_at,
        t1_0.payload::text,
        t1_0.request_id,
        t1_0.result::text,
        t1_0.status,
        t1_0.updated_at 
    from
        tasks t1_0 
    where
        t1_0.request_id=? 
        and t1_0.agent_type=?
Hibernate: 
    select
        t1_0.id,
        t1_0.agent_type,
        t1_0.created_at,
        t1_0.payload::text,
        t1_0.request_id,
        t1_0.result::text,
        t1_0.status,
        t1_0.updated_at 
    from
        tasks t1_0 
    where
        t1_0.request_id=? 
        and t1_0.agent_type=?
Hibernate: 
    select
        t1_0.id,
        t1_0.agent_type,
        t1_0.created_at,
        t1_0.payload::text,
        t1_0.request_id,
        t1_0.result::text,
        t1_0.status,
        t1_0.updated_at 
    from
        tasks t1_0 
    where
        t1_0.agent_type=? 
        and t1_0.status=?
Hibernate: 
    select
        t1_0.id,
        t1_0.agent_type,
        t1_0.created_at,
        t1_0.payload::text,
        t1_0.request_id,
        t1_0.result::text,
        t1_0.status,
        t1_0.updated_at 
    from
        tasks t1_0 
    where
        t1_0.request_id=? 
        and t1_0.agent_type=?
Hibernate: 
    select
        t1_0.id,
        t1_0.agent_type,
        t1_0.created_at,
        t1_0.payload::text,
        t1_0.request_id,
        t1_0.result::text,
        t1_0.status,
        t1_0.updated_at 
    from
        tasks t1_0 
    where
        t1_0.request_id=? 
        and t1_0.agent_type=?
Hibernate: 
    select
        t1_0.id,
        t1_0.agent_type,
        t1_0.created_at,
        t1_0.payload::text,
        t1_0.request_id,
        t1_0.result::text,
        t1_0.status,
        t1_0.updated_at 
    from
        tasks t1_0 
    where
        t1_0.request_id=? 
        and t1_0.agent_type=?
Hibernate: 
    select
        cr1_0.id,
        cr1_0.created_at,
        cr1_0.language,
        cr1_0.status,
        cr1_0.tone,
        cr1_0.topic,
        cr1_0.user_id 
    from
        content_requests cr1_0
Hibernate: 
    select
        t1_0.id,
        t1_0.agent_type,
        t1_0.created_at,
        t1_0.payload::text,
        t1_0.request_id,
        t1_0.result::text,
        t1_0.status,
        t1_0.updated_at 
    from
        tasks t1_0 
    where
        t1_0.agent_type=? 
        and t1_0.status=?
Hibernate: 
    select
        t1_0.id,
        t1_0.agent_type,
        t1_0.created_at,
        t1_0.payload::text,
        t1_0.request_id,
        t1_0.result::text,
        t1_0.status,
        t1_0.updated_at 
    from
        tasks t1_0 
    where
        t1_0.request_id=? 
        and t1_0.agent_type=?
Hibernate: 
    select
        t1_0.id,
        t1_0.agent_type,
        t1_0.created_at,
        t1_0.payload::text,
        t1_0.request_id,
        t1_0.result::text,
        t1_0.status,
        t1_0.updated_at 
    from
        tasks t1_0 
    where
        t1_0.request_id=? 
        and t1_0.agent_type=?
Hibernate: 
    select
        t1_0.id,
        t1_0.agent_type,
        t1_0.created_at,
        t1_0.payload::text,
        t1_0.request_id,
        t1_0.result::text,
        t1_0.status,
        t1_0.updated_at 
    from
        tasks t1_0 
    where
        t1_0.request_id=? 
        and t1_0.agent_type=?
Hibernate: 
    select
        t1_0.id,
        t1_0.agent_type,
        t1_0.created_at,
        t1_0.payload::text,
        t1_0.request_id,
        t1_0.result::text,
        t1_0.status,
        t1_0.updated_at 
    from
        tasks t1_0 
    where
        t1_0.agent_type=? 
        and t1_0.status=?
Hibernate: 
    select
        t1_0.id,
        t1_0.agent_type,
        t1_0.created_at,
        t1_0.payload::text,
        t1_0.request_id,
        t1_0.result::text,
        t1_0.status,
        t1_0.updated_at 
    from
        tasks t1_0 
    where
        t1_0.request_id=? 
        and t1_0.agent_type=?
Hibernate: 
    select
        t1_0.id,
        t1_0.agent_type,
        t1_0.created_at,
        t1_0.payload::text,
        t1_0.request_id,
        t1_0.result::text,
        t1_0.status,
        t1_0.updated_at 
    from
        tasks t1_0 
    where
        t1_0.request_id=? 
        and t1_0.agent_type=?
Hibernate: 
    select
        t1_0.id,
        t1_0.agent_type,
        t1_0.created_at,
        t1_0.payload::text,
        t1_0.request_id,
        t1_0.result::text,
        t1_0.status,
        t1_0.updated_at 
    from
        tasks t1_0 
    where
        t1_0.request_id=? 
        and t1_0.agent_type=?
Hibernate: 
    select
        cr1_0.id,
        cr1_0.created_at,
        cr1_0.language,
        cr1_0.status,
        cr1_0.tone,
        cr1_0.topic,
        cr1_0.user_id 
    from
        content_requests cr1_0
[INFO] ------------------------------------------------------------------------
[INFO] BUILD FAILURE
[INFO] ------------------------------------------------------------------------
[INFO] Total time:  01:47 min
[INFO] Finished at: 2025-11-27T01:03:07+05:30
[INFO] ------------------------------------------------------------------------
[ERROR] Failed to execute goal org.springframework.boot:spring-boot-maven-plugin:3.5.6:run (default-cli) on project orchestrator-service: Process terminated with exit code: 137 -> [Help 1]
[ERROR] 
[ERROR] To see the full stack trace of the errors, re-run Maven with the -e switch.
[ERROR] Re-run Maven using the -X switch to enable full debug logging.
[ERROR] 
[ERROR] For more information about the errors and possible solutions, please read the following articles:
[ERROR] [Help 1] http://cwiki.apache.org/confluence/display/MAVEN/MojoExecutionException
